// Jest Snapshot v1, https://goo.gl/fbAQLP

exports[`test calculator 1`] = `
<div
  className="flex calculator_content"
>
  <h1>
    Let's do some math!
  </h1>
  <div
    className="calculator"
  >
    <div
      className="output"
      data-testid="output"
    >
      0
    </div>
    <div
      className="numbers"
    >
      <button
        onClick={[Function]}
        type="button"
      >
        7
      </button>
      <button
        onClick={[Function]}
        type="button"
      >
        8
      </button>
      <button
        onClick={[Function]}
        type="button"
      >
        9
      </button>
      <button
        onClick={[Function]}
        type="button"
      >
        4
      </button>
      <button
        onClick={[Function]}
        type="button"
      >
        5
      </button>
      <button
        onClick={[Function]}
        type="button"
      >
        6
      </button>
      <button
        onClick={[Function]}
        type="button"
      >
        1
      </button>
      <button
        onClick={[Function]}
        type="button"
      >
        2
      </button>
      <button
        onClick={[Function]}
        type="button"
      >
        3
      </button>
      <button
        className="number0"
        onClick={[Function]}
        type="button"
      >
        0
      </button>
      <button
        onClick={[Function]}
        type="button"
      >
        .
      </button>
    </div>
    <button
      className="operation"
      onClick={[Function]}
      type="button"
    >
      รท
    </button>
    <button
      className="operation"
      onClick={[Function]}
      type="button"
    >
      x
    </button>
    <button
      className="operation"
      onClick={[Function]}
      type="button"
    >
      -
    </button>
    <button
      className="operation"
      onClick={[Function]}
      type="button"
    >
      +
    </button>
    <button
      className="operation"
      onClick={[Function]}
      type="button"
    >
      =
    </button>
    <button
      className="options"
      onClick={[Function]}
      type="button"
    >
      AC
    </button>
    <button
      className="options"
      onClick={[Function]}
      type="button"
    >
      +/-
    </button>
    <button
      className="options"
      onClick={[Function]}
      type="button"
    >
      %
    </button>
  </div>
</div>
`;
